
> story-map-app@0.1.0 build
> next build

   ▲ Next.js 15.4.6
   - Environments: .env.local

   Creating an optimized production build ...
 ⚠ Compiled with warnings in 2000ms

./node_modules/@supabase/realtime-js/dist/module/lib/websocket-factory.js
Critical dependency: the request of a dependency is an expression

Import trace for requested module:
./node_modules/@supabase/realtime-js/dist/module/lib/websocket-factory.js
./node_modules/@supabase/realtime-js/dist/module/index.js
./node_modules/@supabase/supabase-js/dist/module/index.js
./src/lib/supabase.ts
./src/app/api/story/[id]/tags/route.ts

 ✓ Compiled successfully in 4.0s
   Linting and checking validity of types ...

Failed to compile.

./src/app/map/page.tsx
13:9  Warning: 'searchParams' is assigned a value but never used.  @typescript-eslint/no-unused-vars

./src/app/story/[id]/page.tsx
84:10  Warning: 'manualTagSourceOverride' is assigned a value but never used.  @typescript-eslint/no-unused-vars
342:9  Warning: 'determineTagSource' is assigned a value but never used.  @typescript-eslint/no-unused-vars
667:21  Warning: Using `<img>` could result in slower LCP and higher bandwidth. Consider using `<Image />` from `next/image` or a custom image loader to automatically optimize images. This may incur additional usage or cost from your provider. See: https://nextjs.org/docs/messages/no-img-element  @next/next/no-img-element

./src/components/MapView.tsx
284:19  Warning: Using `<img>` could result in slower LCP and higher bandwidth. Consider using `<Image />` from `next/image` or a custom image loader to automatically optimize images. This may incur additional usage or cost from your provider. See: https://nextjs.org/docs/messages/no-img-element  @next/next/no-img-element

./src/components/StoryBrowser.tsx
83:13  Error: 'totalStories' is never reassigned. Use 'const' instead.  prefer-const
290:23  Error: Unexpected any. Specify a different type.  @typescript-eslint/no-explicit-any
502:23  Warning: Using `<img>` could result in slower LCP and higher bandwidth. Consider using `<Image />` from `next/image` or a custom image loader to automatically optimize images. This may incur additional usage or cost from your provider. See: https://nextjs.org/docs/messages/no-img-element  @next/next/no-img-element

info  - Need to disable some ESLint rules? Learn more here: https://nextjs.org/docs/app/api-reference/config/eslint#disabling-rules
